PyTorch version: 2.9.0+cu130
CUDA available: True
CUDA device: NVIDIA GeForce RTX 5070
CUDA memory cleared

======================================================================
EXPERIMENT CONFIGURATION
======================================================================
Epochs per run: 20
Max Length: 128
Batch Size: 128
Runs per value: 3

Experiment 1: pos_weight sweep
  pos_weight range: 1 to 10
  Fixed threshold: 0.5

Experiment 2: threshold sweep
  Threshold range: 0.3 to 0.7 (step 0.05)
  Fixed pos_weight: 5
======================================================================

Loading data...
Loaded 10597 training, 1273 validation, 1275 test samples


Using device: cuda

Results will be saved to: Results/dual_experiments_20251115_202301

Configuration saved to: Results/dual_experiments_20251115_202301/config.json


######################################################################
# EXPERIMENT 2: THRESHOLD SWEEP (pos_weight=5)
######################################################################


======================================================================
Testing threshold = 0.3
======================================================================

======================================================================
Exp2 threshold=0.3: pos_weight=5, threshold=0.3, Run 1/3
======================================================================
  Epoch  1: Train Loss=0.3017, Val Loss=0.7715, Val F1=0.0000, Val Recall=0.0000, Val AUC=0.8810
  Epoch  2: Train Loss=0.1155, Val Loss=0.7286, Val F1=0.0018, Val Recall=0.0009, Val AUC=0.9264
  Epoch  3: Train Loss=0.0688, Val Loss=0.7181, Val F1=0.2443, Val Recall=0.3662, Val AUC=0.9395
  Epoch  4: Train Loss=0.0510, Val Loss=0.7109, Val F1=0.2523, Val Recall=0.4023, Val AUC=0.9449
  Epoch  5: Train Loss=0.0439, Val Loss=0.7078, Val F1=0.2565, Val Recall=0.4141, Val AUC=0.9478
  Epoch  6: Train Loss=0.0403, Val Loss=0.7059, Val F1=0.2704, Val Recall=0.4097, Val AUC=0.9490
  Epoch  7: Train Loss=0.0381, Val Loss=0.7055, Val F1=0.2657, Val Recall=0.4526, Val AUC=0.9534
  Epoch  8: Train Loss=0.0367, Val Loss=0.7063, Val F1=0.2307, Val Recall=0.5306, Val AUC=0.9538
  Epoch  9: Train Loss=0.0357, Val Loss=0.7045, Val F1=0.2635, Val Recall=0.4740, Val AUC=0.9541
  Epoch 10: Train Loss=0.0351, Val Loss=0.7057, Val F1=0.2297, Val Recall=0.5483, Val AUC=0.9564
  Epoch 11: Train Loss=0.0347, Val Loss=0.7044, Val F1=0.2543, Val Recall=0.5074, Val AUC=0.9572
  Epoch 12: Train Loss=0.0343, Val Loss=0.7040, Val F1=0.2590, Val Recall=0.5000, Val AUC=0.9572
  Epoch 13: Train Loss=0.0340, Val Loss=0.7032, Val F1=0.2752, Val Recall=0.4656, Val AUC=0.9566
  Epoch 14: Train Loss=0.0338, Val Loss=0.7038, Val F1=0.2646, Val Recall=0.4931, Val AUC=0.9582
  Epoch 15: Train Loss=0.0336, Val Loss=0.7036, Val F1=0.2677, Val Recall=0.4921, Val AUC=0.9578
  Epoch 16: Train Loss=0.0334, Val Loss=0.7053, Val F1=0.2318, Val Recall=0.5620, Val AUC=0.9588
  Epoch 17: Train Loss=0.0333, Val Loss=0.7030, Val F1=0.2777, Val Recall=0.4743, Val AUC=0.9579
  Epoch 18: Train Loss=0.0332, Val Loss=0.7043, Val F1=0.2435, Val Recall=0.5495, Val AUC=0.9586
  Epoch 19: Train Loss=0.0331, Val Loss=0.7035, Val F1=0.2598, Val Recall=0.5130, Val AUC=0.9588
  Epoch 20: Train Loss=0.0330, Val Loss=0.7038, Val F1=0.2548, Val Recall=0.5296, Val AUC=0.9592

  Training complete! Best Val F1: 0.2777

  Running test evaluation...
  Test Results: F1=0.2545, Recall=0.5341, AUC=0.9592
  True pairs: 51744, Predicted pairs: 165642

  Completed run 1/3

======================================================================
Exp2 threshold=0.3: pos_weight=5, threshold=0.3, Run 2/3
======================================================================
  Epoch  1: Train Loss=0.3381, Val Loss=0.7690, Val F1=0.0025, Val Recall=0.0013, Val AUC=0.8061
  Epoch  2: Train Loss=0.1325, Val Loss=0.7346, Val F1=0.0212, Val Recall=0.0109, Val AUC=0.9350
  Epoch  3: Train Loss=0.0778, Val Loss=0.7195, Val F1=0.2531, Val Recall=0.3196, Val AUC=0.9438
  Epoch  4: Train Loss=0.0565, Val Loss=0.7130, Val F1=0.2537, Val Recall=0.3932, Val AUC=0.9476
  Epoch  5: Train Loss=0.0472, Val Loss=0.7096, Val F1=0.2593, Val Recall=0.4119, Val AUC=0.9507
  Epoch  6: Train Loss=0.0423, Val Loss=0.7080, Val F1=0.2553, Val Recall=0.4575, Val AUC=0.9529
  Epoch  7: Train Loss=0.0394, Val Loss=0.7062, Val F1=0.2587, Val Recall=0.4576, Val AUC=0.9539
  Epoch  8: Train Loss=0.0375, Val Loss=0.7064, Val F1=0.2439, Val Recall=0.5065, Val AUC=0.9558
  Epoch  9: Train Loss=0.0364, Val Loss=0.7053, Val F1=0.2586, Val Recall=0.4703, Val AUC=0.9554
  Epoch 10: Train Loss=0.0356, Val Loss=0.7052, Val F1=0.2474, Val Recall=0.5140, Val AUC=0.9572
  Epoch 11: Train Loss=0.0350, Val Loss=0.7054, Val F1=0.2410, Val Recall=0.5332, Val AUC=0.9580
  Epoch 12: Train Loss=0.0346, Val Loss=0.7043, Val F1=0.2513, Val Recall=0.5115, Val AUC=0.9584
  Epoch 13: Train Loss=0.0342, Val Loss=0.7040, Val F1=0.2626, Val Recall=0.4910, Val AUC=0.9579
  Epoch 14: Train Loss=0.0340, Val Loss=0.7032, Val F1=0.2740, Val Recall=0.4723, Val AUC=0.9585
  Epoch 15: Train Loss=0.0338, Val Loss=0.7032, Val F1=0.2780, Val Recall=0.4631, Val AUC=0.9582
  Epoch 16: Train Loss=0.0336, Val Loss=0.7040, Val F1=0.2526, Val Recall=0.5201, Val AUC=0.9591
  Epoch 17: Train Loss=0.0335, Val Loss=0.7036, Val F1=0.2703, Val Recall=0.4871, Val AUC=0.9591
  Epoch 18: Train Loss=0.0333, Val Loss=0.7037, Val F1=0.2662, Val Recall=0.4999, Val AUC=0.9589
  Epoch 19: Train Loss=0.0332, Val Loss=0.7037, Val F1=0.2618, Val Recall=0.5082, Val AUC=0.9588
  Epoch 20: Train Loss=0.0331, Val Loss=0.7039, Val F1=0.2509, Val Recall=0.5314, Val AUC=0.9589

  Training complete! Best Val F1: 0.2780

  Running test evaluation...
  Test Results: F1=0.2530, Recall=0.5404, AUC=0.9598
  True pairs: 51744, Predicted pairs: 169600

  Completed run 2/3

======================================================================
Exp2 threshold=0.3: pos_weight=5, threshold=0.3, Run 3/3
======================================================================
  Epoch  1: Train Loss=0.3947, Val Loss=0.7941, Val F1=0.0059, Val Recall=0.0031, Val AUC=0.8358
  Epoch  2: Train Loss=0.1536, Val Loss=0.7433, Val F1=0.0002, Val Recall=0.0001, Val AUC=0.9159
  Epoch  3: Train Loss=0.0885, Val Loss=0.7236, Val F1=0.2103, Val Recall=0.1741, Val AUC=0.9308
  Epoch  4: Train Loss=0.0622, Val Loss=0.7145, Val F1=0.2635, Val Recall=0.3019, Val AUC=0.9274
  Epoch  5: Train Loss=0.0502, Val Loss=0.7115, Val F1=0.2556, Val Recall=0.4080, Val AUC=0.9426
  Epoch  6: Train Loss=0.0441, Val Loss=0.7112, Val F1=0.2197, Val Recall=0.5190, Val AUC=0.9485
  Epoch  7: Train Loss=0.0408, Val Loss=0.7080, Val F1=0.2438, Val Recall=0.4832, Val AUC=0.9506
  Epoch  8: Train Loss=0.0385, Val Loss=0.7071, Val F1=0.2484, Val Recall=0.4869, Val AUC=0.9514
  Epoch  9: Train Loss=0.0370, Val Loss=0.7045, Val F1=0.2858, Val Recall=0.4006, Val AUC=0.9503
  Epoch 10: Train Loss=0.0361, Val Loss=0.7061, Val F1=0.2452, Val Recall=0.5121, Val AUC=0.9538
  Epoch 11: Train Loss=0.0354, Val Loss=0.7051, Val F1=0.2563, Val Recall=0.4963, Val AUC=0.9495
  Epoch 12: Train Loss=0.0349, Val Loss=0.7043, Val F1=0.2673, Val Recall=0.4711, Val AUC=0.9551
  Epoch 13: Train Loss=0.0345, Val Loss=0.7040, Val F1=0.2718, Val Recall=0.4690, Val AUC=0.9541
  Epoch 14: Train Loss=0.0343, Val Loss=0.7033, Val F1=0.2909, Val Recall=0.4095, Val AUC=0.9560
  Epoch 15: Train Loss=0.0340, Val Loss=0.7036, Val F1=0.2783, Val Recall=0.4561, Val AUC=0.9555
  Epoch 16: Train Loss=0.0338, Val Loss=0.7043, Val F1=0.2594, Val Recall=0.5103, Val AUC=0.9566
  Epoch 17: Train Loss=0.0336, Val Loss=0.7037, Val F1=0.2700, Val Recall=0.4827, Val AUC=0.9571
  Epoch 18: Train Loss=0.0335, Val Loss=0.7044, Val F1=0.2561, Val Recall=0.5256, Val AUC=0.9587
  Epoch 19: Train Loss=0.0333, Val Loss=0.7038, Val F1=0.2660, Val Recall=0.5004, Val AUC=0.9573
  Epoch 20: Train Loss=0.0332, Val Loss=0.7048, Val F1=0.2355, Val Recall=0.5556, Val AUC=0.9583

  Training complete! Best Val F1: 0.2909

  Running test evaluation...
  Test Results: F1=0.2365, Recall=0.5656, AUC=0.9588
  True pairs: 51744, Predicted pairs: 196097

  Completed run 3/3

======================================================================
Testing threshold = 0.35
======================================================================

======================================================================
Exp2 threshold=0.35: pos_weight=5, threshold=0.35, Run 1/3
======================================================================
  Epoch  1: Train Loss=0.3786, Val Loss=0.7973, Val F1=0.0000, Val Recall=0.0000, Val AUC=0.7673
  Epoch  2: Train Loss=0.1531, Val Loss=0.7421, Val F1=0.0000, Val Recall=0.0000, Val AUC=0.9217
  Epoch  3: Train Loss=0.0886, Val Loss=0.7250, Val F1=0.1830, Val Recall=0.1275, Val AUC=0.9343
  Epoch  4: Train Loss=0.0614, Val Loss=0.7169, Val F1=0.2488, Val Recall=0.3552, Val AUC=0.9421
  Epoch  5: Train Loss=0.0498, Val Loss=0.7117, Val F1=0.2614, Val Recall=0.3856, Val AUC=0.9462
  Epoch  6: Train Loss=0.0439, Val Loss=0.7097, Val F1=0.2517, Val Recall=0.4341, Val AUC=0.9515
  Epoch  7: Train Loss=0.0405, Val Loss=0.7081, Val F1=0.2543, Val Recall=0.4542, Val AUC=0.9528
  Epoch  8: Train Loss=0.0384, Val Loss=0.7059, Val F1=0.2685, Val Recall=0.4331, Val AUC=0.9523
  Epoch  9: Train Loss=0.0370, Val Loss=0.7058, Val F1=0.2694, Val Recall=0.4483, Val AUC=0.9555
  Epoch 10: Train Loss=0.0361, Val Loss=0.7066, Val F1=0.2426, Val Recall=0.5148, Val AUC=0.9569
  Epoch 11: Train Loss=0.0355, Val Loss=0.7041, Val F1=0.2855, Val Recall=0.4063, Val AUC=0.9560
  Epoch 12: Train Loss=0.0349, Val Loss=0.7050, Val F1=0.2697, Val Recall=0.4637, Val AUC=0.9576
  Epoch 13: Train Loss=0.0346, Val Loss=0.7031, Val F1=0.2979, Val Recall=0.3760, Val AUC=0.9570
  Epoch 14: Train Loss=0.0343, Val Loss=0.7031, Val F1=0.2945, Val Recall=0.3895, Val AUC=0.9565
  Epoch 15: Train Loss=0.0340, Val Loss=0.7042, Val F1=0.2739, Val Recall=0.4705, Val AUC=0.9585
  Epoch 16: Train Loss=0.0339, Val Loss=0.7046, Val F1=0.2631, Val Recall=0.4990, Val AUC=0.9591
  Epoch 17: Train Loss=0.0337, Val Loss=0.7038, Val F1=0.2807, Val Recall=0.4479, Val AUC=0.9588
  Epoch 18: Train Loss=0.0335, Val Loss=0.7042, Val F1=0.2690, Val Recall=0.4899, Val AUC=0.9589
  Epoch 19: Train Loss=0.0334, Val Loss=0.7040, Val F1=0.2757, Val Recall=0.4741, Val AUC=0.9593
  Epoch 20: Train Loss=0.0333, Val Loss=0.7034, Val F1=0.2893, Val Recall=0.4357, Val AUC=0.9591

  Training complete! Best Val F1: 0.2979

  Running test evaluation...
  Test Results: F1=0.2865, Recall=0.4342, AUC=0.9599
  True pairs: 51744, Predicted pairs: 104961

  Completed run 1/3

======================================================================
Exp2 threshold=0.35: pos_weight=5, threshold=0.35, Run 2/3
======================================================================
  Epoch  1: Train Loss=0.3953, Val Loss=0.7868, Val F1=0.0000, Val Recall=0.0000, Val AUC=0.7037
  Epoch  2: Train Loss=0.1518, Val Loss=0.7417, Val F1=0.0000, Val Recall=0.0000, Val AUC=0.9237
  Epoch  3: Train Loss=0.0859, Val Loss=0.7238, Val F1=0.2095, Val Recall=0.1666, Val AUC=0.9424
  Epoch  4: Train Loss=0.0606, Val Loss=0.7161, Val F1=0.2479, Val Recall=0.3733, Val AUC=0.9461
  Epoch  5: Train Loss=0.0493, Val Loss=0.7085, Val F1=0.2664, Val Recall=0.2464, Val AUC=0.9305
  Epoch  6: Train Loss=0.0437, Val Loss=0.7064, Val F1=0.2780, Val Recall=0.2756, Val AUC=0.9362
  Epoch  7: Train Loss=0.0405, Val Loss=0.7067, Val F1=0.2762, Val Recall=0.3931, Val AUC=0.9528
  Epoch  8: Train Loss=0.0386, Val Loss=0.7057, Val F1=0.2808, Val Recall=0.3970, Val AUC=0.9534
  Epoch  9: Train Loss=0.0371, Val Loss=0.7054, Val F1=0.2728, Val Recall=0.4316, Val AUC=0.9566
  Epoch 10: Train Loss=0.0362, Val Loss=0.7059, Val F1=0.2534, Val Recall=0.4922, Val AUC=0.9580
  Epoch 11: Train Loss=0.0354, Val Loss=0.7041, Val F1=0.2839, Val Recall=0.4147, Val AUC=0.9555
  Epoch 12: Train Loss=0.0349, Val Loss=0.7040, Val F1=0.2891, Val Recall=0.4079, Val AUC=0.9566
  Epoch 13: Train Loss=0.0345, Val Loss=0.7041, Val F1=0.2736, Val Recall=0.4542, Val AUC=0.9567
  Epoch 14: Train Loss=0.0342, Val Loss=0.7044, Val F1=0.2719, Val Recall=0.4670, Val AUC=0.9579
  Epoch 15: Train Loss=0.0339, Val Loss=0.7031, Val F1=0.2940, Val Recall=0.3969, Val AUC=0.9574
  Epoch 16: Train Loss=0.0337, Val Loss=0.7036, Val F1=0.2822, Val Recall=0.4433, Val AUC=0.9584
  Epoch 17: Train Loss=0.0336, Val Loss=0.7039, Val F1=0.2788, Val Recall=0.4591, Val AUC=0.9584
  Epoch 18: Train Loss=0.0334, Val Loss=0.7041, Val F1=0.2684, Val Recall=0.4884, Val AUC=0.9582
  Epoch 19: Train Loss=0.0333, Val Loss=0.7036, Val F1=0.2803, Val Recall=0.4624, Val AUC=0.9589
  Epoch 20: Train Loss=0.0332, Val Loss=0.7042, Val F1=0.2696, Val Recall=0.4944, Val AUC=0.9592

  Training complete! Best Val F1: 0.2940

  Running test evaluation...
  Test Results: F1=0.2690, Recall=0.4982, AUC=0.9598
  True pairs: 51744, Predicted pairs: 140033

  Completed run 2/3

======================================================================
Exp2 threshold=0.35: pos_weight=5, threshold=0.35, Run 3/3
======================================================================
  Epoch  1: Train Loss=0.3811, Val Loss=0.7918, Val F1=0.0000, Val Recall=0.0000, Val AUC=0.7471
  Epoch  2: Train Loss=0.1555, Val Loss=0.7444, Val F1=0.0000, Val Recall=0.0000, Val AUC=0.9225
  Epoch  3: Train Loss=0.0892, Val Loss=0.7239, Val F1=0.2478, Val Recall=0.2344, Val AUC=0.9293
  Epoch  4: Train Loss=0.0617, Val Loss=0.7169, Val F1=0.2550, Val Recall=0.3911, Val AUC=0.9389
  Epoch  5: Train Loss=0.0497, Val Loss=0.7118, Val F1=0.2649, Val Recall=0.4067, Val AUC=0.9415
  Epoch  6: Train Loss=0.0436, Val Loss=0.7082, Val F1=0.2844, Val Recall=0.3709, Val AUC=0.9374
  Epoch  7: Train Loss=0.0402, Val Loss=0.7078, Val F1=0.2706, Val Recall=0.4363, Val AUC=0.9480
  Epoch  8: Train Loss=0.0381, Val Loss=0.7061, Val F1=0.2796, Val Recall=0.4212, Val AUC=0.9490
  Epoch  9: Train Loss=0.0368, Val Loss=0.7049, Val F1=0.2918, Val Recall=0.3831, Val AUC=0.9481
  Epoch 10: Train Loss=0.0359, Val Loss=0.7045, Val F1=0.2901, Val Recall=0.3971, Val AUC=0.9507
  Epoch 11: Train Loss=0.0353, Val Loss=0.7043, Val F1=0.2806, Val Recall=0.4353, Val AUC=0.9548
  Epoch 12: Train Loss=0.0348, Val Loss=0.7058, Val F1=0.2544, Val Recall=0.5077, Val AUC=0.9564
  Epoch 13: Train Loss=0.0345, Val Loss=0.7038, Val F1=0.2888, Val Recall=0.4222, Val AUC=0.9514
  Epoch 14: Train Loss=0.0342, Val Loss=0.7041, Val F1=0.2766, Val Recall=0.4517, Val AUC=0.9563
  Epoch 15: Train Loss=0.0339, Val Loss=0.7033, Val F1=0.2954, Val Recall=0.4044, Val AUC=0.9537
  Epoch 16: Train Loss=0.0337, Val Loss=0.7043, Val F1=0.2785, Val Recall=0.4626, Val AUC=0.9575
  Epoch 17: Train Loss=0.0335, Val Loss=0.7041, Val F1=0.2821, Val Recall=0.4566, Val AUC=0.9585
  Epoch 18: Train Loss=0.0335, Val Loss=0.7038, Val F1=0.2790, Val Recall=0.4681, Val AUC=0.9571
  Epoch 19: Train Loss=0.0333, Val Loss=0.7034, Val F1=0.2951, Val Recall=0.4253, Val AUC=0.9568
  Epoch 20: Train Loss=0.0332, Val Loss=0.7038, Val F1=0.2904, Val Recall=0.4498, Val AUC=0.9570

  Training complete! Best Val F1: 0.2954

  Running test evaluation...
  Test Results: F1=0.2886, Recall=0.4506, AUC=0.9587
  True pairs: 51744, Predicted pairs: 109721

  Completed run 3/3

======================================================================
Testing threshold = 0.4
======================================================================

======================================================================
Exp2 threshold=0.4: pos_weight=5, threshold=0.4, Run 1/3
======================================================================
  Epoch  1: Train Loss=0.3968, Val Loss=0.7966, Val F1=0.0000, Val Recall=0.0000, Val AUC=0.8126
  Epoch  2: Train Loss=0.1582, Val Loss=0.7468, Val F1=0.0000, Val Recall=0.0000, Val AUC=0.9323
  Epoch  3: Train Loss=0.0911, Val Loss=0.7255, Val F1=0.0038, Val Recall=0.0019, Val AUC=0.9384
  Epoch  4: Train Loss=0.0642, Val Loss=0.7179, Val F1=0.2014, Val Recall=0.1504, Val AUC=0.9431
  Epoch  5: Train Loss=0.0517, Val Loss=0.7123, Val F1=0.2540, Val Recall=0.2184, Val AUC=0.9439
  Epoch  6: Train Loss=0.0450, Val Loss=0.7105, Val F1=0.2771, Val Recall=0.3298, Val AUC=0.9492
  Epoch  7: Train Loss=0.0411, Val Loss=0.7065, Val F1=0.2831, Val Recall=0.2730, Val AUC=0.9475
  Epoch  8: Train Loss=0.0387, Val Loss=0.7059, Val F1=0.2895, Val Recall=0.3150, Val AUC=0.9497
  Epoch  9: Train Loss=0.0371, Val Loss=0.7058, Val F1=0.2906, Val Recall=0.3787, Val AUC=0.9540
  Epoch 10: Train Loss=0.0361, Val Loss=0.7057, Val F1=0.2877, Val Recall=0.4021, Val AUC=0.9555
  Epoch 11: Train Loss=0.0354, Val Loss=0.7062, Val F1=0.2782, Val Recall=0.4425, Val AUC=0.9564
  Epoch 12: Train Loss=0.0348, Val Loss=0.7061, Val F1=0.2760, Val Recall=0.4545, Val AUC=0.9580
  Epoch 13: Train Loss=0.0345, Val Loss=0.7042, Val F1=0.3010, Val Recall=0.3759, Val AUC=0.9568
  Epoch 14: Train Loss=0.0341, Val Loss=0.7030, Val F1=0.3011, Val Recall=0.3031, Val AUC=0.9532
  Epoch 15: Train Loss=0.0339, Val Loss=0.7041, Val F1=0.2977, Val Recall=0.3990, Val AUC=0.9578
  Epoch 16: Train Loss=0.0337, Val Loss=0.7039, Val F1=0.3009, Val Recall=0.3929, Val AUC=0.9572
  Epoch 17: Train Loss=0.0335, Val Loss=0.7043, Val F1=0.2958, Val Recall=0.4181, Val AUC=0.9580
  Epoch 18: Train Loss=0.0334, Val Loss=0.7041, Val F1=0.2993, Val Recall=0.4146, Val AUC=0.9583
  Epoch 19: Train Loss=0.0332, Val Loss=0.7039, Val F1=0.3005, Val Recall=0.4148, Val AUC=0.9586
  Epoch 20: Train Loss=0.0331, Val Loss=0.7051, Val F1=0.2852, Val Recall=0.4627, Val AUC=0.9592

  Training complete! Best Val F1: 0.3011

  Running test evaluation...
  Test Results: F1=0.2849, Recall=0.4647, AUC=0.9597
  True pairs: 51744, Predicted pairs: 117179

  Completed run 1/3

======================================================================
Exp2 threshold=0.4: pos_weight=5, threshold=0.4, Run 2/3
======================================================================
  Epoch  1: Train Loss=0.5197, Val Loss=0.8222, Val F1=0.0016, Val Recall=0.0008, Val AUC=0.6366
  Epoch  2: Train Loss=0.2027, Val Loss=0.7589, Val F1=0.0000, Val Recall=0.0000, Val AUC=0.9059
  Epoch  3: Train Loss=0.1048, Val Loss=0.7276, Val F1=0.0248, Val Recall=0.0129, Val AUC=0.9362
  Epoch  4: Train Loss=0.0688, Val Loss=0.7188, Val F1=0.2420, Val Recall=0.2307, Val AUC=0.9361
  Epoch  5: Train Loss=0.0532, Val Loss=0.7135, Val F1=0.2628, Val Recall=0.3480, Val AUC=0.9471
  Epoch  6: Train Loss=0.0460, Val Loss=0.7102, Val F1=0.2677, Val Recall=0.3639, Val AUC=0.9481
  Epoch  7: Train Loss=0.0418, Val Loss=0.7072, Val F1=0.2823, Val Recall=0.3317, Val AUC=0.9489
  Epoch  8: Train Loss=0.0393, Val Loss=0.7064, Val F1=0.2841, Val Recall=0.3741, Val AUC=0.9506
  Epoch  9: Train Loss=0.0377, Val Loss=0.7055, Val F1=0.2863, Val Recall=0.3780, Val AUC=0.9522
  Epoch 10: Train Loss=0.0366, Val Loss=0.7058, Val F1=0.2822, Val Recall=0.4079, Val AUC=0.9556
  Epoch 11: Train Loss=0.0358, Val Loss=0.7042, Val F1=0.2952, Val Recall=0.3628, Val AUC=0.9532
  Epoch 12: Train Loss=0.0352, Val Loss=0.7041, Val F1=0.2890, Val Recall=0.3894, Val AUC=0.9547
  Epoch 13: Train Loss=0.0348, Val Loss=0.7036, Val F1=0.2982, Val Recall=0.3724, Val AUC=0.9548
  Epoch 14: Train Loss=0.0344, Val Loss=0.7043, Val F1=0.2900, Val Recall=0.4153, Val AUC=0.9571
  Epoch 15: Train Loss=0.0342, Val Loss=0.7035, Val F1=0.2935, Val Recall=0.3911, Val AUC=0.9553
  Epoch 16: Train Loss=0.0340, Val Loss=0.7045, Val F1=0.2849, Val Recall=0.4369, Val AUC=0.9587
  Epoch 17: Train Loss=0.0338, Val Loss=0.7033, Val F1=0.3033, Val Recall=0.3580, Val AUC=0.9587
  Epoch 18: Train Loss=0.0336, Val Loss=0.7030, Val F1=0.3052, Val Recall=0.3636, Val AUC=0.9583
  Epoch 19: Train Loss=0.0334, Val Loss=0.7031, Val F1=0.3049, Val Recall=0.3684, Val AUC=0.9586
  Epoch 20: Train Loss=0.0333, Val Loss=0.7027, Val F1=0.3064, Val Recall=0.3492, Val AUC=0.9570

  Training complete! Best Val F1: 0.3064

  Running test evaluation...
  Test Results: F1=0.3040, Recall=0.3477, AUC=0.9580
  True pairs: 51744, Predicted pairs: 66509

  Completed run 2/3

======================================================================
Exp2 threshold=0.4: pos_weight=5, threshold=0.4, Run 3/3
======================================================================
  Epoch  1: Train Loss=0.6066, Val Loss=0.8487, Val F1=0.0035, Val Recall=0.0061, Val AUC=0.6912
  Epoch  2: Train Loss=0.2566, Val Loss=0.7764, Val F1=0.0000, Val Recall=0.0000, Val AUC=0.8855
  Epoch  3: Train Loss=0.1371, Val Loss=0.7400, Val F1=0.0000, Val Recall=0.0000, Val AUC=0.9241
  Epoch  4: Train Loss=0.0887, Val Loss=0.7227, Val F1=0.0181, Val Recall=0.0093, Val AUC=0.9319
  Epoch  5: Train Loss=0.0648, Val Loss=0.7154, Val F1=0.2334, Val Recall=0.1912, Val AUC=0.9414
  Epoch  6: Train Loss=0.0528, Val Loss=0.7099, Val F1=0.2351, Val Recall=0.1810, Val AUC=0.9416
  Epoch  7: Train Loss=0.0462, Val Loss=0.7107, Val F1=0.2699, Val Recall=0.3715, Val AUC=0.9503
  Epoch  8: Train Loss=0.0424, Val Loss=0.7076, Val F1=0.2791, Val Recall=0.3477, Val AUC=0.9517
  Epoch  9: Train Loss=0.0401, Val Loss=0.7081, Val F1=0.2772, Val Recall=0.3894, Val AUC=0.9520
  Epoch 10: Train Loss=0.0384, Val Loss=0.7054, Val F1=0.2887, Val Recall=0.3440, Val AUC=0.9527
  Epoch 11: Train Loss=0.0372, Val Loss=0.7050, Val F1=0.2921, Val Recall=0.3553, Val AUC=0.9543
  Epoch 12: Train Loss=0.0363, Val Loss=0.7045, Val F1=0.2956, Val Recall=0.3404, Val AUC=0.9552
  Epoch 13: Train Loss=0.0357, Val Loss=0.7051, Val F1=0.2873, Val Recall=0.4013, Val AUC=0.9564
  Epoch 14: Train Loss=0.0352, Val Loss=0.7062, Val F1=0.2743, Val Recall=0.4502, Val AUC=0.9563
  Epoch 15: Train Loss=0.0349, Val Loss=0.7052, Val F1=0.2774, Val Recall=0.4425, Val AUC=0.9582
  Epoch 16: Train Loss=0.0345, Val Loss=0.7047, Val F1=0.2886, Val Recall=0.4099, Val AUC=0.9580
  Epoch 17: Train Loss=0.0343, Val Loss=0.7030, Val F1=0.3002, Val Recall=0.3293, Val AUC=0.9569
  Epoch 18: Train Loss=0.0340, Val Loss=0.7040, Val F1=0.2920, Val Recall=0.4123, Val AUC=0.9587
  Epoch 19: Train Loss=0.0339, Val Loss=0.7039, Val F1=0.2939, Val Recall=0.4003, Val AUC=0.9581
  Epoch 20: Train Loss=0.0338, Val Loss=0.7036, Val F1=0.2958, Val Recall=0.4049, Val AUC=0.9582

  Training complete! Best Val F1: 0.3002

  Running test evaluation...
  Test Results: F1=0.2926, Recall=0.4038, AUC=0.9588
  True pairs: 51744, Predicted pairs: 90964

  Completed run 3/3

======================================================================
Testing threshold = 0.45
======================================================================

======================================================================
Exp2 threshold=0.45: pos_weight=5, threshold=0.45, Run 1/3
======================================================================
  Epoch  1: Train Loss=0.5557, Val Loss=0.8452, Val F1=0.0000, Val Recall=0.0000, Val AUC=0.7291
  Epoch  2: Train Loss=0.2344, Val Loss=0.7704, Val F1=0.0000, Val Recall=0.0000, Val AUC=0.8759
  Epoch  3: Train Loss=0.1289, Val Loss=0.7371, Val F1=0.0000, Val Recall=0.0000, Val AUC=0.9263
  Epoch  4: Train Loss=0.0835, Val Loss=0.7215, Val F1=0.0399, Val Recall=0.0209, Val AUC=0.9396
  Epoch  5: Train Loss=0.0616, Val Loss=0.7150, Val F1=0.2345, Val Recall=0.1864, Val AUC=0.9416
  Epoch  6: Train Loss=0.0512, Val Loss=0.7104, Val F1=0.2570, Val Recall=0.2240, Val AUC=0.9471
  Epoch  7: Train Loss=0.0453, Val Loss=0.7111, Val F1=0.2684, Val Recall=0.3781, Val AUC=0.9514
  Epoch  8: Train Loss=0.0417, Val Loss=0.7067, Val F1=0.2750, Val Recall=0.2547, Val AUC=0.9506
  Epoch  9: Train Loss=0.0394, Val Loss=0.7067, Val F1=0.2873, Val Recall=0.3377, Val AUC=0.9535
  Epoch 10: Train Loss=0.0379, Val Loss=0.7052, Val F1=0.2900, Val Recall=0.2954, Val AUC=0.9534
  Epoch 11: Train Loss=0.0368, Val Loss=0.7056, Val F1=0.2908, Val Recall=0.3411, Val AUC=0.9559
  Epoch 12: Train Loss=0.0361, Val Loss=0.7049, Val F1=0.2952, Val Recall=0.3334, Val AUC=0.9562
  Epoch 13: Train Loss=0.0355, Val Loss=0.7055, Val F1=0.2887, Val Recall=0.3959, Val AUC=0.9578
  Epoch 14: Train Loss=0.0351, Val Loss=0.7047, Val F1=0.2964, Val Recall=0.3694, Val AUC=0.9575
  Epoch 15: Train Loss=0.0347, Val Loss=0.7040, Val F1=0.2989, Val Recall=0.3480, Val AUC=0.9573
  Epoch 16: Train Loss=0.0344, Val Loss=0.7042, Val F1=0.3008, Val Recall=0.3472, Val AUC=0.9574
  Epoch 17: Train Loss=0.0342, Val Loss=0.7034, Val F1=0.3004, Val Recall=0.3215, Val AUC=0.9584
  Epoch 18: Train Loss=0.0340, Val Loss=0.7041, Val F1=0.3008, Val Recall=0.3560, Val AUC=0.9586
  Epoch 19: Train Loss=0.0338, Val Loss=0.7039, Val F1=0.3042, Val Recall=0.3487, Val AUC=0.9590
  Epoch 20: Train Loss=0.0337, Val Loss=0.7035, Val F1=0.3037, Val Recall=0.3489, Val AUC=0.9584

  Training complete! Best Val F1: 0.3042

  Running test evaluation...
  Test Results: F1=0.2987, Recall=0.3457, AUC=0.9593
  True pairs: 51744, Predicted pairs: 67868

  Completed run 1/3

======================================================================
Exp2 threshold=0.45: pos_weight=5, threshold=0.45, Run 2/3
======================================================================
  Epoch  1: Train Loss=0.4514, Val Loss=0.8227, Val F1=0.0000, Val Recall=0.0000, Val AUC=0.7373
  Epoch  2: Train Loss=0.1924, Val Loss=0.7576, Val F1=0.0000, Val Recall=0.0000, Val AUC=0.9067
  Epoch  3: Train Loss=0.1069, Val Loss=0.7301, Val F1=0.0000, Val Recall=0.0000, Val AUC=0.9198
  Epoch  4: Train Loss=0.0703, Val Loss=0.7185, Val F1=0.0050, Val Recall=0.0025, Val AUC=0.9295
  Epoch  5: Train Loss=0.0546, Val Loss=0.7154, Val F1=0.0740, Val Recall=0.0412, Val AUC=0.9444
  Epoch  6: Train Loss=0.0470, Val Loss=0.7086, Val F1=0.1407, Val Recall=0.0866, Val AUC=0.9258
  Epoch  7: Train Loss=0.0428, Val Loss=0.7086, Val F1=0.2591, Val Recall=0.2249, Val AUC=0.9444
  Epoch  8: Train Loss=0.0400, Val Loss=0.7059, Val F1=0.2685, Val Recall=0.2324, Val AUC=0.9363
  Epoch  9: Train Loss=0.0381, Val Loss=0.7054, Val F1=0.2862, Val Recall=0.2838, Val AUC=0.9417
  Epoch 10: Train Loss=0.0368, Val Loss=0.7048, Val F1=0.2877, Val Recall=0.2826, Val AUC=0.9454
  Epoch 11: Train Loss=0.0359, Val Loss=0.7056, Val F1=0.2952, Val Recall=0.3587, Val AUC=0.9516
  Epoch 12: Train Loss=0.0353, Val Loss=0.7053, Val F1=0.2968, Val Recall=0.3549, Val AUC=0.9537
  Epoch 13: Train Loss=0.0349, Val Loss=0.7049, Val F1=0.2978, Val Recall=0.3553, Val AUC=0.9541
  Epoch 14: Train Loss=0.0345, Val Loss=0.7051, Val F1=0.2944, Val Recall=0.3906, Val AUC=0.9548
  Epoch 15: Train Loss=0.0343, Val Loss=0.7046, Val F1=0.2988, Val Recall=0.3693, Val AUC=0.9547
  Epoch 16: Train Loss=0.0340, Val Loss=0.7033, Val F1=0.3008, Val Recall=0.2957, Val AUC=0.9525
  Epoch 17: Train Loss=0.0339, Val Loss=0.7038, Val F1=0.3035, Val Recall=0.3467, Val AUC=0.9537
  Epoch 18: Train Loss=0.0337, Val Loss=0.7038, Val F1=0.3041, Val Recall=0.3365, Val AUC=0.9552
  Epoch 19: Train Loss=0.0335, Val Loss=0.7044, Val F1=0.3008, Val Recall=0.3829, Val AUC=0.9561
  Epoch 20: Train Loss=0.0334, Val Loss=0.7051, Val F1=0.2959, Val Recall=0.4111, Val AUC=0.9579

  Training complete! Best Val F1: 0.3041

  Running test evaluation...
  Test Results: F1=0.2930, Recall=0.4100, AUC=0.9589
  True pairs: 51744, Predicted pairs: 93015

  Completed run 2/3

======================================================================
Exp2 threshold=0.45: pos_weight=5, threshold=0.45, Run 3/3
======================================================================
  Epoch  1: Train Loss=0.2968, Val Loss=0.7696, Val F1=0.0000, Val Recall=0.0000, Val AUC=0.8803
  Epoch  2: Train Loss=0.1149, Val Loss=0.7293, Val F1=0.0000, Val Recall=0.0000, Val AUC=0.9299
  Epoch  3: Train Loss=0.0693, Val Loss=0.7173, Val F1=0.2222, Val Recall=0.1753, Val AUC=0.9399
  Epoch  4: Train Loss=0.0514, Val Loss=0.7107, Val F1=0.2704, Val Recall=0.2594, Val AUC=0.9439
  Epoch  5: Train Loss=0.0439, Val Loss=0.7084, Val F1=0.2818, Val Recall=0.3005, Val AUC=0.9495
  Epoch  6: Train Loss=0.0403, Val Loss=0.7085, Val F1=0.2832, Val Recall=0.3785, Val AUC=0.9540
  Epoch  7: Train Loss=0.0380, Val Loss=0.7068, Val F1=0.2876, Val Recall=0.3711, Val AUC=0.9545
  Epoch  8: Train Loss=0.0367, Val Loss=0.7054, Val F1=0.2937, Val Recall=0.3316, Val AUC=0.9525
  Epoch  9: Train Loss=0.0358, Val Loss=0.7048, Val F1=0.2981, Val Recall=0.3431, Val AUC=0.9561
  Epoch 10: Train Loss=0.0351, Val Loss=0.7036, Val F1=0.2931, Val Recall=0.2861, Val AUC=0.9539
  Epoch 11: Train Loss=0.0346, Val Loss=0.7044, Val F1=0.2992, Val Recall=0.3501, Val AUC=0.9565
  Epoch 12: Train Loss=0.0343, Val Loss=0.7046, Val F1=0.2979, Val Recall=0.3773, Val AUC=0.9585
  Epoch 13: Train Loss=0.0340, Val Loss=0.7040, Val F1=0.3023, Val Recall=0.3582, Val AUC=0.9584
  Epoch 14: Train Loss=0.0338, Val Loss=0.7039, Val F1=0.3033, Val Recall=0.3480, Val AUC=0.9587
  Epoch 15: Train Loss=0.0336, Val Loss=0.7035, Val F1=0.3044, Val Recall=0.3568, Val AUC=0.9577
  Epoch 16: Train Loss=0.0334, Val Loss=0.7033, Val F1=0.3046, Val Recall=0.3335, Val AUC=0.9585
  Epoch 17: Train Loss=0.0333, Val Loss=0.7035, Val F1=0.3069, Val Recall=0.3484, Val AUC=0.9586
  Epoch 18: Train Loss=0.0332, Val Loss=0.7031, Val F1=0.3050, Val Recall=0.3292, Val AUC=0.9585
  Epoch 19: Train Loss=0.0331, Val Loss=0.7043, Val F1=0.3012, Val Recall=0.4151, Val AUC=0.9596
  Epoch 20: Train Loss=0.0330, Val Loss=0.7046, Val F1=0.3031, Val Recall=0.4140, Val AUC=0.9594

  Training complete! Best Val F1: 0.3069

  Running test evaluation...
  Test Results: F1=0.2988, Recall=0.4107, AUC=0.9601
  True pairs: 51744, Predicted pairs: 90404

  Completed run 3/3

======================================================================
Testing threshold = 0.5
======================================================================

======================================================================
Exp2 threshold=0.5: pos_weight=5, threshold=0.5, Run 1/3
======================================================================
  Epoch  1: Train Loss=0.5719, Val Loss=0.8218, Val F1=0.0000, Val Recall=0.0000, Val AUC=0.4852
  Epoch  2: Train Loss=0.2428, Val Loss=0.7741, Val F1=0.0000, Val Recall=0.0000, Val AUC=0.8949
  Epoch  3: Train Loss=0.1318, Val Loss=0.7357, Val F1=0.0000, Val Recall=0.0000, Val AUC=0.9224
  Epoch  4: Train Loss=0.0861, Val Loss=0.7199, Val F1=0.0000, Val Recall=0.0000, Val AUC=0.9140
  Epoch  5: Train Loss=0.0640, Val Loss=0.7165, Val F1=0.1044, Val Recall=0.0601, Val AUC=0.9349
  Epoch  6: Train Loss=0.0527, Val Loss=0.7099, Val F1=0.1795, Val Recall=0.1180, Val AUC=0.9307
  Epoch  7: Train Loss=0.0465, Val Loss=0.7070, Val F1=0.2046, Val Recall=0.1424, Val AUC=0.9339
  Epoch  8: Train Loss=0.0426, Val Loss=0.7087, Val F1=0.2769, Val Recall=0.2733, Val AUC=0.9509
  Epoch  9: Train Loss=0.0401, Val Loss=0.7092, Val F1=0.2806, Val Recall=0.3636, Val AUC=0.9530
  Epoch 10: Train Loss=0.0385, Val Loss=0.7058, Val F1=0.2791, Val Recall=0.2653, Val AUC=0.9499
  Epoch 11: Train Loss=0.0373, Val Loss=0.7035, Val F1=0.2355, Val Recall=0.1720, Val AUC=0.9457
  Epoch 12: Train Loss=0.0365, Val Loss=0.7106, Val F1=0.2644, Val Recall=0.4580, Val AUC=0.9556
  Epoch 13: Train Loss=0.0358, Val Loss=0.7049, Val F1=0.2928, Val Recall=0.2978, Val AUC=0.9547
  Epoch 14: Train Loss=0.0354, Val Loss=0.7033, Val F1=0.2504, Val Recall=0.1881, Val AUC=0.9530
  Epoch 15: Train Loss=0.0350, Val Loss=0.7032, Val F1=0.2814, Val Recall=0.2428, Val AUC=0.9545
  Epoch 16: Train Loss=0.0347, Val Loss=0.7041, Val F1=0.2948, Val Recall=0.2845, Val AUC=0.9562
  Epoch 17: Train Loss=0.0344, Val Loss=0.7049, Val F1=0.3010, Val Recall=0.3494, Val AUC=0.9570
  Epoch 18: Train Loss=0.0342, Val Loss=0.7033, Val F1=0.2873, Val Recall=0.2530, Val AUC=0.9566
  Epoch 19: Train Loss=0.0339, Val Loss=0.7042, Val F1=0.3019, Val Recall=0.3093, Val AUC=0.9571
  Epoch 20: Train Loss=0.0338, Val Loss=0.7051, Val F1=0.2992, Val Recall=0.3617, Val AUC=0.9560

  Training complete! Best Val F1: 0.3019

  Running test evaluation...
  Test Results: F1=0.2942, Recall=0.3600, AUC=0.9570
  True pairs: 51744, Predicted pairs: 74830

  Completed run 1/3

======================================================================
Exp2 threshold=0.5: pos_weight=5, threshold=0.5, Run 2/3
======================================================================
  Epoch  1: Train Loss=0.3711, Val Loss=0.7888, Val F1=0.0000, Val Recall=0.0000, Val AUC=0.8667
  Epoch  2: Train Loss=0.1467, Val Loss=0.7406, Val F1=0.0000, Val Recall=0.0000, Val AUC=0.9326
  Epoch  3: Train Loss=0.0854, Val Loss=0.7222, Val F1=0.0000, Val Recall=0.0000, Val AUC=0.9441
  Epoch  4: Train Loss=0.0604, Val Loss=0.7152, Val F1=0.0957, Val Recall=0.0545, Val AUC=0.9414
  Epoch  5: Train Loss=0.0492, Val Loss=0.7107, Val F1=0.2052, Val Recall=0.1430, Val AUC=0.9452
  Epoch  6: Train Loss=0.0436, Val Loss=0.7092, Val F1=0.2619, Val Recall=0.2248, Val AUC=0.9483
  Epoch  7: Train Loss=0.0403, Val Loss=0.7065, Val F1=0.2662, Val Recall=0.2238, Val AUC=0.9390
  Epoch  8: Train Loss=0.0382, Val Loss=0.7066, Val F1=0.2888, Val Recall=0.3021, Val AUC=0.9554
  Epoch  9: Train Loss=0.0368, Val Loss=0.7056, Val F1=0.2928, Val Recall=0.2899, Val AUC=0.9538
  Epoch 10: Train Loss=0.0359, Val Loss=0.7044, Val F1=0.2888, Val Recall=0.2681, Val AUC=0.9556
  Epoch 11: Train Loss=0.0353, Val Loss=0.7045, Val F1=0.2946, Val Recall=0.2917, Val AUC=0.9574
  Epoch 12: Train Loss=0.0348, Val Loss=0.7047, Val F1=0.3002, Val Recall=0.3148, Val AUC=0.9575
  Epoch 13: Train Loss=0.0344, Val Loss=0.7040, Val F1=0.2963, Val Recall=0.2824, Val AUC=0.9573
  Epoch 14: Train Loss=0.0342, Val Loss=0.7042, Val F1=0.3013, Val Recall=0.3044, Val AUC=0.9573
  Epoch 15: Train Loss=0.0339, Val Loss=0.7043, Val F1=0.3050, Val Recall=0.3344, Val AUC=0.9573
  Epoch 16: Train Loss=0.0337, Val Loss=0.7045, Val F1=0.3074, Val Recall=0.3421, Val AUC=0.9589
  Epoch 17: Train Loss=0.0335, Val Loss=0.7044, Val F1=0.3059, Val Recall=0.3483, Val AUC=0.9586
  Epoch 18: Train Loss=0.0334, Val Loss=0.7034, Val F1=0.3036, Val Recall=0.2941, Val AUC=0.9588
  Epoch 19: Train Loss=0.0333, Val Loss=0.7033, Val F1=0.3048, Val Recall=0.2875, Val AUC=0.9581
  Epoch 20: Train Loss=0.0332, Val Loss=0.7038, Val F1=0.3091, Val Recall=0.3162, Val AUC=0.9584

  Training complete! Best Val F1: 0.3091

  Running test evaluation...
  Test Results: F1=0.3000, Recall=0.3083, AUC=0.9590
  True pairs: 51744, Predicted pairs: 54462

  Completed run 2/3

======================================================================
Exp2 threshold=0.5: pos_weight=5, threshold=0.5, Run 3/3
======================================================================
  Epoch  1: Train Loss=0.2969, Val Loss=0.7682, Val F1=0.0000, Val Recall=0.0000, Val AUC=0.9053
  Epoch  2: Train Loss=0.1124, Val Loss=0.7285, Val F1=0.0000, Val Recall=0.0000, Val AUC=0.9317
  Epoch  3: Train Loss=0.0668, Val Loss=0.7149, Val F1=0.0913, Val Recall=0.0516, Val AUC=0.9426
  Epoch  4: Train Loss=0.0500, Val Loss=0.7113, Val F1=0.2447, Val Recall=0.1957, Val AUC=0.9421
  Epoch  5: Train Loss=0.0431, Val Loss=0.7081, Val F1=0.2704, Val Recall=0.2463, Val AUC=0.9473
  Epoch  6: Train Loss=0.0396, Val Loss=0.7071, Val F1=0.2821, Val Recall=0.2770, Val AUC=0.9532
  Epoch  7: Train Loss=0.0375, Val Loss=0.7061, Val F1=0.2884, Val Recall=0.2989, Val AUC=0.9533
  Epoch  8: Train Loss=0.0363, Val Loss=0.7054, Val F1=0.2927, Val Recall=0.3160, Val AUC=0.9545
  Epoch  9: Train Loss=0.0354, Val Loss=0.7056, Val F1=0.2948, Val Recall=0.3170, Val AUC=0.9557
  Epoch 10: Train Loss=0.0349, Val Loss=0.7056, Val F1=0.2986, Val Recall=0.3514, Val AUC=0.9568
  Epoch 11: Train Loss=0.0345, Val Loss=0.7041, Val F1=0.2955, Val Recall=0.2907, Val AUC=0.9560
  Epoch 12: Train Loss=0.0341, Val Loss=0.7041, Val F1=0.2984, Val Recall=0.2965, Val AUC=0.9560
  Epoch 13: Train Loss=0.0339, Val Loss=0.7041, Val F1=0.3012, Val Recall=0.3033, Val AUC=0.9572
  Epoch 14: Train Loss=0.0336, Val Loss=0.7041, Val F1=0.3053, Val Recall=0.3185, Val AUC=0.9579
  Epoch 15: Train Loss=0.0335, Val Loss=0.7045, Val F1=0.3066, Val Recall=0.3308, Val AUC=0.9577
  Epoch 16: Train Loss=0.0333, Val Loss=0.7036, Val F1=0.3056, Val Recall=0.3056, Val AUC=0.9583
  Epoch 17: Train Loss=0.0332, Val Loss=0.7043, Val F1=0.3091, Val Recall=0.3295, Val AUC=0.9584
  Epoch 18: Train Loss=0.0331, Val Loss=0.7036, Val F1=0.3073, Val Recall=0.3123, Val AUC=0.9582
  Epoch 19: Train Loss=0.0330, Val Loss=0.7036, Val F1=0.3086, Val Recall=0.3159, Val AUC=0.9582
  Epoch 20: Train Loss=0.0329, Val Loss=0.7037, Val F1=0.3108, Val Recall=0.3226, Val AUC=0.9584

  Training complete! Best Val F1: 0.3108

  Running test evaluation...
  Test Results: F1=0.3063, Recall=0.3192, AUC=0.9597
  True pairs: 51744, Predicted pairs: 55904

  Completed run 3/3

======================================================================
Testing threshold = 0.55
======================================================================

======================================================================
Exp2 threshold=0.55: pos_weight=5, threshold=0.55, Run 1/3
======================================================================
  Epoch  1: Train Loss=0.4070, Val Loss=0.8003, Val F1=0.0000, Val Recall=0.0000, Val AUC=0.8124
  Epoch  2: Train Loss=0.1621, Val Loss=0.7502, Val F1=0.0000, Val Recall=0.0000, Val AUC=0.9166
  Epoch  3: Train Loss=0.0941, Val Loss=0.7297, Val F1=0.0000, Val Recall=0.0000, Val AUC=0.9271
  Epoch  4: Train Loss=0.0655, Val Loss=0.7192, Val F1=0.0560, Val Recall=0.0298, Val AUC=0.9194
  Epoch  5: Train Loss=0.0524, Val Loss=0.7142, Val F1=0.2017, Val Recall=0.1405, Val AUC=0.9315
  Epoch  6: Train Loss=0.0456, Val Loss=0.7104, Val F1=0.2455, Val Recall=0.1954, Val AUC=0.9348
  Epoch  7: Train Loss=0.0418, Val Loss=0.7080, Val F1=0.2501, Val Recall=0.1977, Val AUC=0.9327
  Epoch  8: Train Loss=0.0393, Val Loss=0.7076, Val F1=0.2714, Val Recall=0.2376, Val AUC=0.9442
  Epoch  9: Train Loss=0.0378, Val Loss=0.7076, Val F1=0.2852, Val Recall=0.2834, Val AUC=0.9449
  Epoch 10: Train Loss=0.0366, Val Loss=0.7050, Val F1=0.2496, Val Recall=0.1896, Val AUC=0.9371
  Epoch 11: Train Loss=0.0359, Val Loss=0.7056, Val F1=0.2819, Val Recall=0.2523, Val AUC=0.9466
  Epoch 12: Train Loss=0.0353, Val Loss=0.7048, Val F1=0.2734, Val Recall=0.2270, Val AUC=0.9494
  Epoch 13: Train Loss=0.0348, Val Loss=0.7048, Val F1=0.2878, Val Recall=0.2606, Val AUC=0.9519
  Epoch 14: Train Loss=0.0344, Val Loss=0.7045, Val F1=0.2881, Val Recall=0.2566, Val AUC=0.9514
  Epoch 15: Train Loss=0.0342, Val Loss=0.7048, Val F1=0.2917, Val Recall=0.2621, Val AUC=0.9546
  Epoch 16: Train Loss=0.0339, Val Loss=0.7046, Val F1=0.2892, Val Recall=0.2497, Val AUC=0.9527
  Epoch 17: Train Loss=0.0337, Val Loss=0.7043, Val F1=0.2943, Val Recall=0.2603, Val AUC=0.9532
  Epoch 18: Train Loss=0.0336, Val Loss=0.7041, Val F1=0.2976, Val Recall=0.2672, Val AUC=0.9534
  Epoch 19: Train Loss=0.0334, Val Loss=0.7034, Val F1=0.2770, Val Recall=0.2179, Val AUC=0.9518
  Epoch 20: Train Loss=0.0333, Val Loss=0.7041, Val F1=0.3007, Val Recall=0.2790, Val AUC=0.9555

  Training complete! Best Val F1: 0.3007

  Running test evaluation...
  Test Results: F1=0.2969, Recall=0.2771, AUC=0.9561
  True pairs: 51744, Predicted pairs: 44668

  Completed run 1/3

======================================================================
Exp2 threshold=0.55: pos_weight=5, threshold=0.55, Run 2/3
======================================================================
  Epoch  1: Train Loss=0.3974, Val Loss=0.7982, Val F1=0.0000, Val Recall=0.0000, Val AUC=0.8541
  Epoch  2: Train Loss=0.1525, Val Loss=0.7446, Val F1=0.0000, Val Recall=0.0000, Val AUC=0.9211
  Epoch  3: Train Loss=0.0857, Val Loss=0.7240, Val F1=0.0000, Val Recall=0.0000, Val AUC=0.9261
  Epoch  4: Train Loss=0.0601, Val Loss=0.7178, Val F1=0.0000, Val Recall=0.0000, Val AUC=0.9372
  Epoch  5: Train Loss=0.0489, Val Loss=0.7118, Val F1=0.1876, Val Recall=0.1253, Val AUC=0.9308
  Epoch  6: Train Loss=0.0432, Val Loss=0.7099, Val F1=0.2696, Val Recall=0.2453, Val AUC=0.9396
  Epoch  7: Train Loss=0.0399, Val Loss=0.7082, Val F1=0.2799, Val Recall=0.2675, Val AUC=0.9390
  Epoch  8: Train Loss=0.0379, Val Loss=0.7064, Val F1=0.2711, Val Recall=0.2299, Val AUC=0.9358
  Epoch  9: Train Loss=0.0366, Val Loss=0.7065, Val F1=0.2823, Val Recall=0.2537, Val AUC=0.9418
  Epoch 10: Train Loss=0.0357, Val Loss=0.7053, Val F1=0.2834, Val Recall=0.2530, Val AUC=0.9447
  Epoch 11: Train Loss=0.0351, Val Loss=0.7043, Val F1=0.2736, Val Recall=0.2259, Val AUC=0.9380
  Epoch 12: Train Loss=0.0347, Val Loss=0.7053, Val F1=0.2952, Val Recall=0.2827, Val AUC=0.9506
  Epoch 13: Train Loss=0.0343, Val Loss=0.7058, Val F1=0.2983, Val Recall=0.3000, Val AUC=0.9534
  Epoch 14: Train Loss=0.0341, Val Loss=0.7040, Val F1=0.2841, Val Recall=0.2435, Val AUC=0.9497
  Epoch 15: Train Loss=0.0338, Val Loss=0.7038, Val F1=0.2873, Val Recall=0.2468, Val AUC=0.9498
  Epoch 16: Train Loss=0.0337, Val Loss=0.7061, Val F1=0.3055, Val Recall=0.3485, Val AUC=0.9560
  Epoch 17: Train Loss=0.0335, Val Loss=0.7042, Val F1=0.2969, Val Recall=0.2696, Val AUC=0.9526
  Epoch 18: Train Loss=0.0333, Val Loss=0.7031, Val F1=0.2737, Val Recall=0.2126, Val AUC=0.9530
  Epoch 19: Train Loss=0.0332, Val Loss=0.7052, Val F1=0.3036, Val Recall=0.3238, Val AUC=0.9538
  Epoch 20: Train Loss=0.0331, Val Loss=0.7041, Val F1=0.3037, Val Recall=0.2853, Val AUC=0.9550

  Training complete! Best Val F1: 0.3055

  Running test evaluation...
  Test Results: F1=0.2961, Recall=0.2804, AUC=0.9564
  True pairs: 51744, Predicted pairs: 46142

  Completed run 2/3

======================================================================
Exp2 threshold=0.55: pos_weight=5, threshold=0.55, Run 3/3
======================================================================
  Epoch  1: Train Loss=0.4762, Val Loss=0.8167, Val F1=0.0000, Val Recall=0.0000, Val AUC=0.6756
  Epoch  2: Train Loss=0.1928, Val Loss=0.7564, Val F1=0.0000, Val Recall=0.0000, Val AUC=0.9158
  Epoch  3: Train Loss=0.1117, Val Loss=0.7331, Val F1=0.0000, Val Recall=0.0000, Val AUC=0.9275
  Epoch  4: Train Loss=0.0775, Val Loss=0.7210, Val F1=0.0000, Val Recall=0.0000, Val AUC=0.9320
  Epoch  5: Train Loss=0.0596, Val Loss=0.7159, Val F1=0.0000, Val Recall=0.0000, Val AUC=0.9371
  Epoch  6: Train Loss=0.0501, Val Loss=0.7121, Val F1=0.0000, Val Recall=0.0000, Val AUC=0.9409
  Epoch  7: Train Loss=0.0449, Val Loss=0.7108, Val F1=0.1470, Val Recall=0.0895, Val AUC=0.9470
  Epoch  8: Train Loss=0.0415, Val Loss=0.7080, Val F1=0.2416, Val Recall=0.1866, Val AUC=0.9476
  Epoch  9: Train Loss=0.0392, Val Loss=0.7060, Val F1=0.2525, Val Recall=0.1986, Val AUC=0.9468
  Epoch 10: Train Loss=0.0378, Val Loss=0.7059, Val F1=0.2705, Val Recall=0.2283, Val AUC=0.9502
  Epoch 11: Train Loss=0.0367, Val Loss=0.7050, Val F1=0.2735, Val Recall=0.2323, Val AUC=0.9496
  Epoch 12: Train Loss=0.0359, Val Loss=0.7061, Val F1=0.2943, Val Recall=0.2942, Val AUC=0.9539
  Epoch 13: Train Loss=0.0354, Val Loss=0.7049, Val F1=0.2845, Val Recall=0.2542, Val AUC=0.9534
  Epoch 14: Train Loss=0.0349, Val Loss=0.7047, Val F1=0.2934, Val Recall=0.2731, Val AUC=0.9553
  Epoch 15: Train Loss=0.0345, Val Loss=0.7038, Val F1=0.2789, Val Recall=0.2347, Val AUC=0.9529
  Epoch 16: Train Loss=0.0343, Val Loss=0.7038, Val F1=0.2862, Val Recall=0.2526, Val AUC=0.9548
  Epoch 17: Train Loss=0.0340, Val Loss=0.7035, Val F1=0.2817, Val Recall=0.2323, Val AUC=0.9558
  Epoch 18: Train Loss=0.0339, Val Loss=0.7026, Val F1=0.2507, Val Recall=0.1820, Val AUC=0.9544
  Epoch 19: Train Loss=0.0337, Val Loss=0.7032, Val F1=0.2775, Val Recall=0.2227, Val AUC=0.9560
  Epoch 20: Train Loss=0.0335, Val Loss=0.7039, Val F1=0.2992, Val Recall=0.2748, Val AUC=0.9569

  Training complete! Best Val F1: 0.2992

  Running test evaluation...
  Test Results: F1=0.2921, Recall=0.2696, AUC=0.9574
  True pairs: 51744, Predicted pairs: 43710

  Completed run 3/3

======================================================================
Testing threshold = 0.6
======================================================================

======================================================================
Exp2 threshold=0.6: pos_weight=5, threshold=0.6, Run 1/3
======================================================================
  Epoch  1: Train Loss=0.4360, Val Loss=0.8101, Val F1=0.0000, Val Recall=0.0000, Val AUC=0.8231
  Epoch  2: Train Loss=0.1661, Val Loss=0.7449, Val F1=0.0000, Val Recall=0.0000, Val AUC=0.9268
  Epoch  3: Train Loss=0.0920, Val Loss=0.7248, Val F1=0.0000, Val Recall=0.0000, Val AUC=0.9376
  Epoch  4: Train Loss=0.0631, Val Loss=0.7158, Val F1=0.0000, Val Recall=0.0000, Val AUC=0.9470
  Epoch  5: Train Loss=0.0504, Val Loss=0.7102, Val F1=0.0006, Val Recall=0.0003, Val AUC=0.9494
  Epoch  6: Train Loss=0.0444, Val Loss=0.7090, Val F1=0.1375, Val Recall=0.0822, Val AUC=0.9506
  Epoch  7: Train Loss=0.0407, Val Loss=0.7086, Val F1=0.2696, Val Recall=0.2351, Val AUC=0.9543
  Epoch  8: Train Loss=0.0385, Val Loss=0.7054, Val F1=0.2205, Val Recall=0.1550, Val AUC=0.9518
  Epoch  9: Train Loss=0.0371, Val Loss=0.7050, Val F1=0.2390, Val Recall=0.1759, Val AUC=0.9545
  Epoch 10: Train Loss=0.0361, Val Loss=0.7044, Val F1=0.2331, Val Recall=0.1668, Val AUC=0.9545
  Epoch 11: Train Loss=0.0355, Val Loss=0.7048, Val F1=0.2568, Val Recall=0.1982, Val AUC=0.9555
  Epoch 12: Train Loss=0.0350, Val Loss=0.7044, Val F1=0.2677, Val Recall=0.2158, Val AUC=0.9552
  Epoch 13: Train Loss=0.0346, Val Loss=0.7044, Val F1=0.2737, Val Recall=0.2267, Val AUC=0.9580
  Epoch 14: Train Loss=0.0343, Val Loss=0.7040, Val F1=0.2766, Val Recall=0.2277, Val AUC=0.9580
  Epoch 15: Train Loss=0.0340, Val Loss=0.7033, Val F1=0.2581, Val Recall=0.1940, Val AUC=0.9568
  Epoch 16: Train Loss=0.0338, Val Loss=0.7042, Val F1=0.2818, Val Recall=0.2346, Val AUC=0.9590
  Epoch 17: Train Loss=0.0336, Val Loss=0.7028, Val F1=0.2545, Val Recall=0.1876, Val AUC=0.9579
  Epoch 18: Train Loss=0.0335, Val Loss=0.7031, Val F1=0.2579, Val Recall=0.1916, Val AUC=0.9574
  Epoch 19: Train Loss=0.0334, Val Loss=0.7030, Val F1=0.2632, Val Recall=0.1974, Val AUC=0.9585
  Epoch 20: Train Loss=0.0332, Val Loss=0.7033, Val F1=0.2724, Val Recall=0.2133, Val AUC=0.9580

  Training complete! Best Val F1: 0.2818

  Running test evaluation...
  Test Results: F1=0.2650, Recall=0.2090, AUC=0.9590
  True pairs: 51744, Predicted pairs: 29818

  Completed run 1/3

======================================================================
Exp2 threshold=0.6: pos_weight=5, threshold=0.6, Run 2/3
======================================================================
  Epoch  1: Train Loss=0.3961, Val Loss=0.7871, Val F1=0.0000, Val Recall=0.0000, Val AUC=0.7164
  Epoch  2: Train Loss=0.1569, Val Loss=0.7440, Val F1=0.0000, Val Recall=0.0000, Val AUC=0.9289
  Epoch  3: Train Loss=0.0882, Val Loss=0.7222, Val F1=0.0000, Val Recall=0.0000, Val AUC=0.9359
  Epoch  4: Train Loss=0.0624, Val Loss=0.7143, Val F1=0.0000, Val Recall=0.0000, Val AUC=0.9432
  Epoch  5: Train Loss=0.0506, Val Loss=0.7086, Val F1=0.0000, Val Recall=0.0000, Val AUC=0.9319
  Epoch  6: Train Loss=0.0443, Val Loss=0.7094, Val F1=0.0803, Val Recall=0.0443, Val AUC=0.9498
  Epoch  7: Train Loss=0.0406, Val Loss=0.7130, Val F1=0.2503, Val Recall=0.2113, Val AUC=0.9540
  Epoch  8: Train Loss=0.0387, Val Loss=0.7064, Val F1=0.1944, Val Recall=0.1296, Val AUC=0.9521
  Epoch  9: Train Loss=0.0371, Val Loss=0.7056, Val F1=0.2436, Val Recall=0.1844, Val AUC=0.9541
  Epoch 10: Train Loss=0.0362, Val Loss=0.7059, Val F1=0.2633, Val Recall=0.2126, Val AUC=0.9555
  Epoch 11: Train Loss=0.0354, Val Loss=0.7034, Val F1=0.2000, Val Recall=0.1314, Val AUC=0.9523
  Epoch 12: Train Loss=0.0349, Val Loss=0.7041, Val F1=0.2509, Val Recall=0.1888, Val AUC=0.9563
  Epoch 13: Train Loss=0.0345, Val Loss=0.7041, Val F1=0.2562, Val Recall=0.1940, Val AUC=0.9561
  Epoch 14: Train Loss=0.0342, Val Loss=0.7042, Val F1=0.2446, Val Recall=0.1771, Val AUC=0.9560
  Epoch 15: Train Loss=0.0341, Val Loss=0.7045, Val F1=0.2736, Val Recall=0.2215, Val AUC=0.9576
  Epoch 16: Train Loss=0.0338, Val Loss=0.7043, Val F1=0.2832, Val Recall=0.2416, Val AUC=0.9579
  Epoch 17: Train Loss=0.0336, Val Loss=0.7039, Val F1=0.2678, Val Recall=0.2061, Val AUC=0.9577
  Epoch 18: Train Loss=0.0334, Val Loss=0.7033, Val F1=0.2740, Val Recall=0.2154, Val AUC=0.9579
  Epoch 19: Train Loss=0.0333, Val Loss=0.7037, Val F1=0.2894, Val Recall=0.2460, Val AUC=0.9580
  Epoch 20: Train Loss=0.0333, Val Loss=0.7039, Val F1=0.2811, Val Recall=0.2290, Val AUC=0.9588

  Training complete! Best Val F1: 0.2894

  Running test evaluation...
  Test Results: F1=0.2764, Recall=0.2262, AUC=0.9594
  True pairs: 51744, Predicted pairs: 32888

  Completed run 2/3

======================================================================
Exp2 threshold=0.6: pos_weight=5, threshold=0.6, Run 3/3
======================================================================
  Epoch  1: Train Loss=0.4501, Val Loss=0.8106, Val F1=0.0000, Val Recall=0.0000, Val AUC=0.8002
  Epoch  2: Train Loss=0.1812, Val Loss=0.7524, Val F1=0.0000, Val Recall=0.0000, Val AUC=0.9157
  Epoch  3: Train Loss=0.1023, Val Loss=0.7264, Val F1=0.0000, Val Recall=0.0000, Val AUC=0.9286
  Epoch  4: Train Loss=0.0694, Val Loss=0.7176, Val F1=0.0000, Val Recall=0.0000, Val AUC=0.9351
  Epoch  5: Train Loss=0.0540, Val Loss=0.7145, Val F1=0.0000, Val Recall=0.0000, Val AUC=0.9424
  Epoch  6: Train Loss=0.0465, Val Loss=0.7101, Val F1=0.0000, Val Recall=0.0000, Val AUC=0.9475
  Epoch  7: Train Loss=0.0422, Val Loss=0.7089, Val F1=0.2132, Val Recall=0.1516, Val AUC=0.9495
  Epoch  8: Train Loss=0.0397, Val Loss=0.7072, Val F1=0.2456, Val Recall=0.1910, Val AUC=0.9513
  Epoch  9: Train Loss=0.0379, Val Loss=0.7071, Val F1=0.2597, Val Recall=0.2122, Val AUC=0.9526
  Epoch 10: Train Loss=0.0368, Val Loss=0.7056, Val F1=0.2598, Val Recall=0.2090, Val AUC=0.9548
  Epoch 11: Train Loss=0.0360, Val Loss=0.7045, Val F1=0.2452, Val Recall=0.1848, Val AUC=0.9544
  Epoch 12: Train Loss=0.0354, Val Loss=0.7049, Val F1=0.2634, Val Recall=0.2095, Val AUC=0.9549
  Epoch 13: Train Loss=0.0349, Val Loss=0.7048, Val F1=0.2663, Val Recall=0.2137, Val AUC=0.9553
  Epoch 14: Train Loss=0.0346, Val Loss=0.7040, Val F1=0.2653, Val Recall=0.2091, Val AUC=0.9563
  Epoch 15: Train Loss=0.0343, Val Loss=0.7056, Val F1=0.2958, Val Recall=0.2799, Val AUC=0.9569
  Epoch 16: Train Loss=0.0341, Val Loss=0.7044, Val F1=0.2710, Val Recall=0.2157, Val AUC=0.9559
  Epoch 17: Train Loss=0.0339, Val Loss=0.7043, Val F1=0.2784, Val Recall=0.2284, Val AUC=0.9570
  Epoch 18: Train Loss=0.0337, Val Loss=0.7045, Val F1=0.2653, Val Recall=0.2054, Val AUC=0.9572
  Epoch 19: Train Loss=0.0336, Val Loss=0.7048, Val F1=0.2874, Val Recall=0.2428, Val AUC=0.9571
  Epoch 20: Train Loss=0.0335, Val Loss=0.7031, Val F1=0.2513, Val Recall=0.1834, Val AUC=0.9566

  Training complete! Best Val F1: 0.2958

  Running test evaluation...
  Test Results: F1=0.2436, Recall=0.1779, AUC=0.9576
  True pairs: 51744, Predicted pairs: 23804

  Completed run 3/3

======================================================================
Testing threshold = 0.65
======================================================================

======================================================================
Exp2 threshold=0.65: pos_weight=5, threshold=0.65, Run 1/3
======================================================================
  Epoch  1: Train Loss=0.3946, Val Loss=0.7862, Val F1=0.0000, Val Recall=0.0000, Val AUC=0.6488
  Epoch  2: Train Loss=0.1568, Val Loss=0.7455, Val F1=0.0000, Val Recall=0.0000, Val AUC=0.9267
  Epoch  3: Train Loss=0.0896, Val Loss=0.7242, Val F1=0.0000, Val Recall=0.0000, Val AUC=0.9316
  Epoch  4: Train Loss=0.0626, Val Loss=0.7184, Val F1=0.0000, Val Recall=0.0000, Val AUC=0.9453
  Epoch  5: Train Loss=0.0507, Val Loss=0.7103, Val F1=0.0000, Val Recall=0.0000, Val AUC=0.9372
  Epoch  6: Train Loss=0.0445, Val Loss=0.7083, Val F1=0.0704, Val Recall=0.0382, Val AUC=0.9457
  Epoch  7: Train Loss=0.0408, Val Loss=0.7078, Val F1=0.1796, Val Recall=0.1170, Val AUC=0.9501
  Epoch  8: Train Loss=0.0387, Val Loss=0.7078, Val F1=0.2401, Val Recall=0.1831, Val AUC=0.9538
  Epoch  9: Train Loss=0.0374, Val Loss=0.7051, Val F1=0.1848, Val Recall=0.1197, Val AUC=0.9498
  Epoch 10: Train Loss=0.0362, Val Loss=0.7046, Val F1=0.2159, Val Recall=0.1490, Val AUC=0.9521
  Epoch 11: Train Loss=0.0356, Val Loss=0.7059, Val F1=0.2545, Val Recall=0.1969, Val AUC=0.9573
  Epoch 12: Train Loss=0.0350, Val Loss=0.7045, Val F1=0.2378, Val Recall=0.1722, Val AUC=0.9559
  Epoch 13: Train Loss=0.0346, Val Loss=0.7035, Val F1=0.2062, Val Recall=0.1371, Val AUC=0.9540
  Epoch 14: Train Loss=0.0343, Val Loss=0.7029, Val F1=0.1958, Val Recall=0.1266, Val AUC=0.9553
  Epoch 15: Train Loss=0.0341, Val Loss=0.7047, Val F1=0.2580, Val Recall=0.1968, Val AUC=0.9577
  Epoch 16: Train Loss=0.0339, Val Loss=0.7034, Val F1=0.2492, Val Recall=0.1825, Val AUC=0.9549
  Epoch 17: Train Loss=0.0337, Val Loss=0.7035, Val F1=0.2463, Val Recall=0.1781, Val AUC=0.9569
  Epoch 18: Train Loss=0.0335, Val Loss=0.7040, Val F1=0.2630, Val Recall=0.1995, Val AUC=0.9584
  Epoch 19: Train Loss=0.0334, Val Loss=0.7032, Val F1=0.2597, Val Recall=0.1946, Val AUC=0.9576
  Epoch 20: Train Loss=0.0333, Val Loss=0.7024, Val F1=0.2208, Val Recall=0.1479, Val AUC=0.9562

  Training complete! Best Val F1: 0.2630

  Running test evaluation...
  Test Results: F1=0.2108, Recall=0.1412, AUC=0.9568
  True pairs: 51744, Predicted pairs: 17598

  Completed run 1/3

======================================================================
Exp2 threshold=0.65: pos_weight=5, threshold=0.65, Run 2/3
======================================================================
  Epoch  1: Train Loss=0.4551, Val Loss=0.8161, Val F1=0.0000, Val Recall=0.0000, Val AUC=0.7403
  Epoch  2: Train Loss=0.1944, Val Loss=0.7556, Val F1=0.0000, Val Recall=0.0000, Val AUC=0.9043
  Epoch  3: Train Loss=0.1064, Val Loss=0.7280, Val F1=0.0000, Val Recall=0.0000, Val AUC=0.9312
  Epoch  4: Train Loss=0.0716, Val Loss=0.7196, Val F1=0.0000, Val Recall=0.0000, Val AUC=0.9448
  Epoch  5: Train Loss=0.0546, Val Loss=0.7119, Val F1=0.0000, Val Recall=0.0000, Val AUC=0.9454
  Epoch  6: Train Loss=0.0466, Val Loss=0.7093, Val F1=0.0000, Val Recall=0.0000, Val AUC=0.9496
  Epoch  7: Train Loss=0.0421, Val Loss=0.7066, Val F1=0.0017, Val Recall=0.0009, Val AUC=0.9489
  Epoch  8: Train Loss=0.0393, Val Loss=0.7073, Val F1=0.2154, Val Recall=0.1519, Val AUC=0.9546
  Epoch  9: Train Loss=0.0376, Val Loss=0.7060, Val F1=0.2212, Val Recall=0.1563, Val AUC=0.9555
  Epoch 10: Train Loss=0.0364, Val Loss=0.7053, Val F1=0.2337, Val Recall=0.1691, Val AUC=0.9564
  Epoch 11: Train Loss=0.0357, Val Loss=0.7059, Val F1=0.2531, Val Recall=0.1958, Val AUC=0.9579
  Epoch 12: Train Loss=0.0351, Val Loss=0.7047, Val F1=0.2261, Val Recall=0.1586, Val AUC=0.9576
  Epoch 13: Train Loss=0.0347, Val Loss=0.7038, Val F1=0.2186, Val Recall=0.1491, Val AUC=0.9567
  Epoch 14: Train Loss=0.0344, Val Loss=0.7046, Val F1=0.2430, Val Recall=0.1775, Val AUC=0.9577
  Epoch 15: Train Loss=0.0341, Val Loss=0.7032, Val F1=0.1981, Val Recall=0.1284, Val AUC=0.9568
  Epoch 16: Train Loss=0.0338, Val Loss=0.7034, Val F1=0.2329, Val Recall=0.1616, Val AUC=0.9584
  Epoch 17: Train Loss=0.0337, Val Loss=0.7035, Val F1=0.2413, Val Recall=0.1714, Val AUC=0.9584
  Epoch 18: Train Loss=0.0335, Val Loss=0.7031, Val F1=0.2273, Val Recall=0.1550, Val AUC=0.9589
  Epoch 19: Train Loss=0.0334, Val Loss=0.7042, Val F1=0.2600, Val Recall=0.1923, Val AUC=0.9594
  Epoch 20: Train Loss=0.0332, Val Loss=0.7034, Val F1=0.2383, Val Recall=0.1651, Val AUC=0.9594

  Training complete! Best Val F1: 0.2600

  Running test evaluation...
  Test Results: F1=0.2302, Recall=0.1600, AUC=0.9601
  True pairs: 51744, Predicted pairs: 20198

  Completed run 2/3

======================================================================
Exp2 threshold=0.65: pos_weight=5, threshold=0.65, Run 3/3
======================================================================
  Epoch  1: Train Loss=0.4737, Val Loss=0.8244, Val F1=0.0000, Val Recall=0.0000, Val AUC=0.7536
  Epoch  2: Train Loss=0.1919, Val Loss=0.7560, Val F1=0.0000, Val Recall=0.0000, Val AUC=0.9252
  Epoch  3: Train Loss=0.1064, Val Loss=0.7273, Val F1=0.0000, Val Recall=0.0000, Val AUC=0.9320
  Epoch  4: Train Loss=0.0709, Val Loss=0.7191, Val F1=0.0000, Val Recall=0.0000, Val AUC=0.9432
  Epoch  5: Train Loss=0.0548, Val Loss=0.7143, Val F1=0.0000, Val Recall=0.0000, Val AUC=0.9464
  Epoch  6: Train Loss=0.0470, Val Loss=0.7083, Val F1=0.0000, Val Recall=0.0000, Val AUC=0.9401
  Epoch  7: Train Loss=0.0427, Val Loss=0.7085, Val F1=0.0000, Val Recall=0.0000, Val AUC=0.9518
  Epoch  8: Train Loss=0.0400, Val Loss=0.7067, Val F1=0.1233, Val Recall=0.0720, Val AUC=0.9514
  Epoch  9: Train Loss=0.0381, Val Loss=0.7061, Val F1=0.2175, Val Recall=0.1538, Val AUC=0.9523
  Epoch 10: Train Loss=0.0369, Val Loss=0.7049, Val F1=0.2102, Val Recall=0.1435, Val AUC=0.9549
  Epoch 11: Train Loss=0.0360, Val Loss=0.7046, Val F1=0.2261, Val Recall=0.1599, Val AUC=0.9549
  Epoch 12: Train Loss=0.0354, Val Loss=0.7049, Val F1=0.2419, Val Recall=0.1783, Val AUC=0.9571
  Epoch 13: Train Loss=0.0350, Val Loss=0.7047, Val F1=0.2531, Val Recall=0.1933, Val AUC=0.9573
  Epoch 14: Train Loss=0.0346, Val Loss=0.7037, Val F1=0.2171, Val Recall=0.1478, Val AUC=0.9571
  Epoch 15: Train Loss=0.0343, Val Loss=0.7042, Val F1=0.2403, Val Recall=0.1733, Val AUC=0.9580
  Epoch 16: Train Loss=0.0341, Val Loss=0.7044, Val F1=0.2554, Val Recall=0.1934, Val AUC=0.9579
  Epoch 17: Train Loss=0.0339, Val Loss=0.7026, Val F1=0.1983, Val Recall=0.1281, Val AUC=0.9574
  Epoch 18: Train Loss=0.0337, Val Loss=0.7045, Val F1=0.2710, Val Recall=0.2152, Val AUC=0.9588
  Epoch 19: Train Loss=0.0336, Val Loss=0.7030, Val F1=0.2265, Val Recall=0.1547, Val AUC=0.9579
  Epoch 20: Train Loss=0.0334, Val Loss=0.7039, Val F1=0.2429, Val Recall=0.1734, Val AUC=0.9589

  Training complete! Best Val F1: 0.2710

  Running test evaluation...
  Test Results: F1=0.2380, Recall=0.1704, AUC=0.9597
  True pairs: 51744, Predicted pairs: 22346

  Completed run 3/3

======================================================================
Testing threshold = 0.7
======================================================================

======================================================================
Exp2 threshold=0.7: pos_weight=5, threshold=0.7, Run 1/3
======================================================================
  Epoch  1: Train Loss=0.4361, Val Loss=0.8141, Val F1=0.0000, Val Recall=0.0000, Val AUC=0.8615
  Epoch  2: Train Loss=0.1657, Val Loss=0.7455, Val F1=0.0000, Val Recall=0.0000, Val AUC=0.9176
  Epoch  3: Train Loss=0.0917, Val Loss=0.7257, Val F1=0.0000, Val Recall=0.0000, Val AUC=0.9319
  Epoch  4: Train Loss=0.0628, Val Loss=0.7161, Val F1=0.0000, Val Recall=0.0000, Val AUC=0.9350
  Epoch  5: Train Loss=0.0504, Val Loss=0.7108, Val F1=0.0000, Val Recall=0.0000, Val AUC=0.9390
  Epoch  6: Train Loss=0.0442, Val Loss=0.7087, Val F1=0.0415, Val Recall=0.0217, Val AUC=0.9457
  Epoch  7: Train Loss=0.0407, Val Loss=0.7078, Val F1=0.1283, Val Recall=0.0749, Val AUC=0.9503
  Epoch  8: Train Loss=0.0385, Val Loss=0.7062, Val F1=0.1638, Val Recall=0.1009, Val AUC=0.9499
  Epoch  9: Train Loss=0.0371, Val Loss=0.7053, Val F1=0.1689, Val Recall=0.1047, Val AUC=0.9519
  Epoch 10: Train Loss=0.0362, Val Loss=0.7053, Val F1=0.1883, Val Recall=0.1207, Val AUC=0.9535
  Epoch 11: Train Loss=0.0355, Val Loss=0.7038, Val F1=0.1612, Val Recall=0.0979, Val AUC=0.9533
  Epoch 12: Train Loss=0.0350, Val Loss=0.7037, Val F1=0.1750, Val Recall=0.1089, Val AUC=0.9536
  Epoch 13: Train Loss=0.0347, Val Loss=0.7042, Val F1=0.1989, Val Recall=0.1299, Val AUC=0.9560
  Epoch 14: Train Loss=0.0343, Val Loss=0.7039, Val F1=0.2094, Val Recall=0.1391, Val AUC=0.9549
  Epoch 15: Train Loss=0.0340, Val Loss=0.7042, Val F1=0.2246, Val Recall=0.1546, Val AUC=0.9569
  Epoch 16: Train Loss=0.0338, Val Loss=0.7039, Val F1=0.2173, Val Recall=0.1460, Val AUC=0.9578
  Epoch 17: Train Loss=0.0337, Val Loss=0.7035, Val F1=0.1962, Val Recall=0.1258, Val AUC=0.9575
  Epoch 18: Train Loss=0.0335, Val Loss=0.7036, Val F1=0.2027, Val Recall=0.1314, Val AUC=0.9579
  Epoch 19: Train Loss=0.0334, Val Loss=0.7029, Val F1=0.1933, Val Recall=0.1227, Val AUC=0.9573
  Epoch 20: Train Loss=0.0333, Val Loss=0.7038, Val F1=0.2190, Val Recall=0.1454, Val AUC=0.9585

  Training complete! Best Val F1: 0.2246

  Running test evaluation...
  Test Results: F1=0.2118, Recall=0.1409, AUC=0.9593
  True pairs: 51744, Predicted pairs: 17092

  Completed run 1/3

======================================================================
Exp2 threshold=0.7: pos_weight=5, threshold=0.7, Run 2/3
======================================================================
  Epoch  1: Train Loss=0.5868, Val Loss=0.8421, Val F1=0.0000, Val Recall=0.0000, Val AUC=0.7165
  Epoch  2: Train Loss=0.2357, Val Loss=0.7718, Val F1=0.0000, Val Recall=0.0000, Val AUC=0.8673
  Epoch  3: Train Loss=0.1250, Val Loss=0.7370, Val F1=0.0000, Val Recall=0.0000, Val AUC=0.9214
  Epoch  4: Train Loss=0.0822, Val Loss=0.7238, Val F1=0.0000, Val Recall=0.0000, Val AUC=0.9372
  Epoch  5: Train Loss=0.0612, Val Loss=0.7160, Val F1=0.0000, Val Recall=0.0000, Val AUC=0.9400
  Epoch  6: Train Loss=0.0510, Val Loss=0.7121, Val F1=0.0000, Val Recall=0.0000, Val AUC=0.9432
  Epoch  7: Train Loss=0.0455, Val Loss=0.7114, Val F1=0.0000, Val Recall=0.0000, Val AUC=0.9478
  Epoch  8: Train Loss=0.0421, Val Loss=0.7088, Val F1=0.0000, Val Recall=0.0000, Val AUC=0.9486
  Epoch  9: Train Loss=0.0397, Val Loss=0.7077, Val F1=0.0000, Val Recall=0.0000, Val AUC=0.9503
  Epoch 10: Train Loss=0.0381, Val Loss=0.7082, Val F1=0.0903, Val Recall=0.0499, Val AUC=0.9524
  Epoch 11: Train Loss=0.0370, Val Loss=0.7055, Val F1=0.1058, Val Recall=0.0593, Val AUC=0.9516
  Epoch 12: Train Loss=0.0362, Val Loss=0.7044, Val F1=0.1229, Val Recall=0.0705, Val AUC=0.9532
  Epoch 13: Train Loss=0.0356, Val Loss=0.7048, Val F1=0.1774, Val Recall=0.1118, Val AUC=0.9548
  Epoch 14: Train Loss=0.0351, Val Loss=0.7046, Val F1=0.2012, Val Recall=0.1325, Val AUC=0.9546
  Epoch 15: Train Loss=0.0347, Val Loss=0.7038, Val F1=0.1722, Val Recall=0.1072, Val AUC=0.9544
  Epoch 16: Train Loss=0.0345, Val Loss=0.7049, Val F1=0.2212, Val Recall=0.1518, Val AUC=0.9562
  Epoch 17: Train Loss=0.0343, Val Loss=0.7035, Val F1=0.1690, Val Recall=0.1036, Val AUC=0.9562
  Epoch 18: Train Loss=0.0340, Val Loss=0.7042, Val F1=0.2126, Val Recall=0.1424, Val AUC=0.9559
  Epoch 19: Train Loss=0.0339, Val Loss=0.7044, Val F1=0.2264, Val Recall=0.1556, Val AUC=0.9574
  Epoch 20: Train Loss=0.0337, Val Loss=0.7034, Val F1=0.2007, Val Recall=0.1295, Val AUC=0.9568

  Training complete! Best Val F1: 0.2264

  Running test evaluation...
  Test Results: F1=0.1921, Recall=0.1239, AUC=0.9575
  True pairs: 51744, Predicted pairs: 15010

  Completed run 2/3

======================================================================
Exp2 threshold=0.7: pos_weight=5, threshold=0.7, Run 3/3
======================================================================
  Epoch  1: Train Loss=0.2965, Val Loss=0.7634, Val F1=0.0000, Val Recall=0.0000, Val AUC=0.7943
  Epoch  2: Train Loss=0.1151, Val Loss=0.7288, Val F1=0.0000, Val Recall=0.0000, Val AUC=0.9312
  Epoch  3: Train Loss=0.0698, Val Loss=0.7177, Val F1=0.0000, Val Recall=0.0000, Val AUC=0.9418
  Epoch  4: Train Loss=0.0517, Val Loss=0.7129, Val F1=0.0000, Val Recall=0.0000, Val AUC=0.9453
  Epoch  5: Train Loss=0.0441, Val Loss=0.7089, Val F1=0.0941, Val Recall=0.0526, Val AUC=0.9478
  Epoch  6: Train Loss=0.0402, Val Loss=0.7066, Val F1=0.1451, Val Recall=0.0872, Val AUC=0.9488
  Epoch  7: Train Loss=0.0380, Val Loss=0.7068, Val F1=0.1958, Val Recall=0.1298, Val AUC=0.9517
  Epoch  8: Train Loss=0.0366, Val Loss=0.7054, Val F1=0.1898, Val Recall=0.1231, Val AUC=0.9525
  Epoch  9: Train Loss=0.0357, Val Loss=0.7056, Val F1=0.2111, Val Recall=0.1424, Val AUC=0.9552
  Epoch 10: Train Loss=0.0350, Val Loss=0.7047, Val F1=0.1902, Val Recall=0.1225, Val AUC=0.9552
  Epoch 11: Train Loss=0.0346, Val Loss=0.7046, Val F1=0.1983, Val Recall=0.1290, Val AUC=0.9553
  Epoch 12: Train Loss=0.0342, Val Loss=0.7042, Val F1=0.2008, Val Recall=0.1307, Val AUC=0.9561
  Epoch 13: Train Loss=0.0339, Val Loss=0.7039, Val F1=0.1775, Val Recall=0.1100, Val AUC=0.9562
  Epoch 14: Train Loss=0.0337, Val Loss=0.7042, Val F1=0.2024, Val Recall=0.1314, Val AUC=0.9569
  Epoch 15: Train Loss=0.0335, Val Loss=0.7037, Val F1=0.1765, Val Recall=0.1083, Val AUC=0.9566
  Epoch 16: Train Loss=0.0334, Val Loss=0.7039, Val F1=0.1979, Val Recall=0.1257, Val AUC=0.9581
  Epoch 17: Train Loss=0.0332, Val Loss=0.7035, Val F1=0.1844, Val Recall=0.1144, Val AUC=0.9566
  Epoch 18: Train Loss=0.0331, Val Loss=0.7038, Val F1=0.2095, Val Recall=0.1365, Val AUC=0.9575
  Epoch 19: Train Loss=0.0330, Val Loss=0.7045, Val F1=0.2349, Val Recall=0.1608, Val AUC=0.9585
  Epoch 20: Train Loss=0.0329, Val Loss=0.7029, Val F1=0.1715, Val Recall=0.1033, Val AUC=0.9576

  Training complete! Best Val F1: 0.2349

  Running test evaluation...
  Test Results: F1=0.1624, Recall=0.0975, AUC=0.9581
  True pairs: 51744, Predicted pairs: 10284

  Completed run 3/3

✓ Experiment 2 results saved to: Results/dual_experiments_20251115_202301/experiment2_threshold_sweep.json

======================================================================
ALL EXPERIMENTS COMPLETED!
